<?xml version="1.0" encoding="utf-8"?>
<outputLog>
  <ApplicationId>372a17c5-5856-470c-b3ae-0ea381a0a3d6</ApplicationId>
  <FileLogs>
    <FileLog>
      <ProjectId>9b6783d9-f7a9-4619-891d-2285e66caecb</ProjectId>
      <CorrelationId>Intent.Modules.Common.CSharp.Templates.StaticContentTemplateRegistrations.AIInstructionsStaticContentTemplateRegistration#csharp-guidelines.md</CorrelationId>
      <OverwriteBehaviour>always</OverwriteBehaviour>
      <ApplicationRelativeFilePath>../.agents/instructions/csharp-guidelines.md</ApplicationRelativeFilePath>
      <ProjectRelativeFilePath>csharp-guidelines.md</ProjectRelativeFilePath>
      <IsIgnored>false</IsIgnored>
    </FileLog>
    <FileLog>
      <CorrelationId>Intent.VisualStudio.Projects.VisualStudioSolution#42ca93ee-c1f3-45bc-a773-7a48ed6912fb</CorrelationId>
      <OverwriteBehaviour>always</OverwriteBehaviour>
      <ApplicationRelativeFilePath>../Intent.Modules.sln</ApplicationRelativeFilePath>
      <IsIgnored>false</IsIgnored>
    </FileLog>
    <FileLog>
      <ProjectId>81ae7f80-ff93-4c7d-8cac-08ff0249991b</ProjectId>
      <CorrelationId>Intent.ModuleBuilder.IModSpecFile#502fa2a6-d19c-4d50-8c63-0dcd4970147e</CorrelationId>
      <OverwriteBehaviour>always</OverwriteBehaviour>
      <ApplicationRelativeFilePath>Intent.Common.AI.imodspec</ApplicationRelativeFilePath>
      <ProjectRelativeFilePath>Intent.Common.AI.imodspec</ProjectRelativeFilePath>
      <IsIgnored>false</IsIgnored>
    </FileLog>
    <FileLog>
      <ProjectId>81ae7f80-ff93-4c7d-8cac-08ff0249991b</ProjectId>
      <CorrelationId>Intent.VisualStudio.Projects.CSharpProject#81ae7f80-ff93-4c7d-8cac-08ff0249991b</CorrelationId>
      <OverwriteBehaviour>always</OverwriteBehaviour>
      <ApplicationRelativeFilePath>Intent.Modules.Common.AI.csproj</ApplicationRelativeFilePath>
      <ProjectRelativeFilePath>Intent.Modules.Common.AI.csproj</ProjectRelativeFilePath>
      <IsIgnored>false</IsIgnored>
    </FileLog>
    <FileLog>
      <ProjectId>c990a8ad-0e19-4aa8-b150-7098d464ea6f</ProjectId>
      <CorrelationId>Intent.ModuleBuilder.Templates.DocumentationTemplate#3b7bc99b-7494-45be-ad0c-c7e9240de1bb</CorrelationId>
      <OverwriteBehaviour>always</OverwriteBehaviour>
      <ApplicationRelativeFilePath>resources/documentation.json</ApplicationRelativeFilePath>
      <ProjectRelativeFilePath>documentation.json</ProjectRelativeFilePath>
      <IsIgnored>false</IsIgnored>
    </FileLog>
    <FileLog>
      <ProjectId>d13df794-2efc-4294-8e15-bff5814b16e7</ProjectId>
      <CorrelationId>Intent.ModuleBuilder.Templates.Settings.ModuleSettingsExtensions#3d488031-cdd1-4987-8d07-427d7cbc605e</CorrelationId>
      <OverwriteBehaviour>always</OverwriteBehaviour>
      <ApplicationRelativeFilePath>Settings/ModuleSettingsExtensions.cs</ApplicationRelativeFilePath>
      <ProjectRelativeFilePath>ModuleSettingsExtensions.cs</ProjectRelativeFilePath>
      <IsIgnored>false</IsIgnored>
    </FileLog>
  </FileLogs>
</outputLog>