<?xml version="1.0" encoding="utf-8"?>
<outputLog>
  <ApplicationId>275030c0-f660-4c46-8156-ce592d267b38</ApplicationId>
  <FileLogs>
    <FileLog>
      <ProjectId>c4b18797-c415-4681-8169-7abc54bcab08</ProjectId>
      <CorrelationId>Intent.Modules.Common.CSharp.Templates.StaticContentTemplateRegistrations.AIInstructionsStaticContentTemplateRegistration#c4b18797-c415-4681-8169-7abc54bcab08#csharp-guidelines.md</CorrelationId>
      <OverwriteBehaviour>always</OverwriteBehaviour>
      <ApplicationRelativeFilePath>../.agents/instructions/csharp-guidelines.md</ApplicationRelativeFilePath>
      <ProjectRelativeFilePath>csharp-guidelines.md</ProjectRelativeFilePath>
      <IsIgnored>false</IsIgnored>
    </FileLog>
    <FileLog>
      <CorrelationId>Intent.VisualStudio.Projects.VisualStudioSolution#8c8f92ca-3e72-415a-8976-44627738886d</CorrelationId>
      <OverwriteBehaviour>always</OverwriteBehaviour>
      <ApplicationRelativeFilePath>../Intent.Modules.sln</ApplicationRelativeFilePath>
      <IsIgnored>false</IsIgnored>
    </FileLog>
    <FileLog>
      <ProjectId>1ea44e7b-c146-478b-8549-23b1969fb10d</ProjectId>
      <CorrelationId>Intent.ModuleBuilder.Templates.Api.ApiElementExtensionModel#75de55cf-e031-4035-aae3-ef6f2627426e</CorrelationId>
      <OverwriteBehaviour>always</OverwriteBehaviour>
      <ApplicationRelativeFilePath>Api/FolderExtensionsModel.cs</ApplicationRelativeFilePath>
      <ProjectRelativeFilePath>FolderExtensionsModel.cs</ProjectRelativeFilePath>
      <IsIgnored>false</IsIgnored>
    </FileLog>
    <FileLog>
      <ProjectId>1ea44e7b-c146-478b-8549-23b1969fb10d</ProjectId>
      <CorrelationId>Intent.ModuleBuilder.Templates.Api.ApiElementModel#af3fe721-86c5-41e3-9daf-1e79209ed345</CorrelationId>
      <OverwriteBehaviour>always</OverwriteBehaviour>
      <ApplicationRelativeFilePath>Api/HtmlFileTemplateModel.cs</ApplicationRelativeFilePath>
      <ProjectRelativeFilePath>HtmlFileTemplateModel.cs</ProjectRelativeFilePath>
      <IsIgnored>false</IsIgnored>
    </FileLog>
    <FileLog>
      <ProjectId>1ea44e7b-c146-478b-8549-23b1969fb10d</ProjectId>
      <CorrelationId>Intent.ModuleBuilder.Templates.Api.ApiPackageExtensionModel#d7dc42ad-c7b2-4c44-a002-0df2a67fb6c8</CorrelationId>
      <OverwriteBehaviour>always</OverwriteBehaviour>
      <ApplicationRelativeFilePath>Api/IntentModuleExtensionModel.cs</ApplicationRelativeFilePath>
      <ProjectRelativeFilePath>IntentModuleExtensionModel.cs</ProjectRelativeFilePath>
      <IsIgnored>false</IsIgnored>
    </FileLog>
    <FileLog>
      <ProjectId>2f869ddb-1b65-4cf0-9818-94e872494c0d</ProjectId>
      <CorrelationId>Intent.ModuleBuilder.Templates.Api.ApiMetadataProviderExtensions#a875e982-186d-41b9-b6de-b37e7fc42156</CorrelationId>
      <OverwriteBehaviour>always</OverwriteBehaviour>
      <ApplicationRelativeFilePath>ApiMetadataProviderExtensions.cs</ApplicationRelativeFilePath>
      <ProjectRelativeFilePath>ApiMetadataProviderExtensions.cs</ProjectRelativeFilePath>
      <IsIgnored>false</IsIgnored>
    </FileLog>
    <FileLog>
      <ProjectId>2f869ddb-1b65-4cf0-9818-94e872494c0d</ProjectId>
      <CorrelationId>Intent.ModuleBuilder.IModSpecFile#ec0fe22a-bb43-4349-baa2-105e27d3b838</CorrelationId>
      <OverwriteBehaviour>always</OverwriteBehaviour>
      <ApplicationRelativeFilePath>Intent.ModuleBuilder.Html.imodspec</ApplicationRelativeFilePath>
      <ProjectRelativeFilePath>Intent.ModuleBuilder.Html.imodspec</ProjectRelativeFilePath>
      <IsIgnored>false</IsIgnored>
    </FileLog>
    <FileLog>
      <ProjectId>2f869ddb-1b65-4cf0-9818-94e872494c0d</ProjectId>
      <CorrelationId>Intent.VisualStudio.Projects.CSharpProject#2f869ddb-1b65-4cf0-9818-94e872494c0d</CorrelationId>
      <OverwriteBehaviour>always</OverwriteBehaviour>
      <ApplicationRelativeFilePath>Intent.Modules.ModuleBuilder.Html.csproj</ApplicationRelativeFilePath>
      <ProjectRelativeFilePath>Intent.Modules.ModuleBuilder.Html.csproj</ProjectRelativeFilePath>
      <IsIgnored>false</IsIgnored>
    </FileLog>
    <FileLog>
      <ProjectId>0b5c7803-b049-406e-964f-050489bf41ab</ProjectId>
      <CorrelationId>Intent.ModuleBuilder.DesignerSettings#a24d301b-f0f5-4899-b1ab-4bc5087bd4b2</CorrelationId>
      <OverwriteBehaviour>always</OverwriteBehaviour>
      <ApplicationRelativeFilePath>modelers/Html Types.designer.settings</ApplicationRelativeFilePath>
      <ProjectRelativeFilePath>Html Types.designer.settings</ProjectRelativeFilePath>
      <IsIgnored>false</IsIgnored>
    </FileLog>
    <FileLog>
      <ProjectId>2f869ddb-1b65-4cf0-9818-94e872494c0d</ProjectId>
      <CorrelationId>Intent.ModuleBuilder.ProjectItemTemplate.Partial#4d27f85a-03b0-4a9b-92e6-212e4d9272af</CorrelationId>
      <OverwriteBehaviour>always</OverwriteBehaviour>
      <ApplicationRelativeFilePath>Templates/HtmlFile/HtmlFileTemplatePartial.cs</ApplicationRelativeFilePath>
      <ProjectRelativeFilePath>Templates/HtmlFile/HtmlFileTemplatePartial.cs</ProjectRelativeFilePath>
      <IsIgnored>false</IsIgnored>
    </FileLog>
    <FileLog>
      <ProjectId>2f869ddb-1b65-4cf0-9818-94e872494c0d</ProjectId>
      <CorrelationId>Intent.ModuleBuilder.TemplateRegistration.FilePerModel#4d27f85a-03b0-4a9b-92e6-212e4d9272af</CorrelationId>
      <OverwriteBehaviour>always</OverwriteBehaviour>
      <ApplicationRelativeFilePath>Templates/HtmlFile/HtmlFileTemplateRegistration.cs</ApplicationRelativeFilePath>
      <ProjectRelativeFilePath>Templates/HtmlFile/HtmlFileTemplateRegistration.cs</ProjectRelativeFilePath>
      <IsIgnored>false</IsIgnored>
    </FileLog>
    <FileLog>
      <ProjectId>2f869ddb-1b65-4cf0-9818-94e872494c0d</ProjectId>
      <CorrelationId>Intent.ModuleBuilder.CSharp.Templates.CSharpTemplate.T4Template.PreProcessed#64dd72e2-7896-4275-8b89-93d09749224e</CorrelationId>
      <OverwriteBehaviour>always</OverwriteBehaviour>
      <ApplicationRelativeFilePath>Templates/HtmlFileTemplatePartial/HtmlFileTemplatePartialTemplate.cs</ApplicationRelativeFilePath>
      <ProjectRelativeFilePath>Templates/HtmlFileTemplatePartial/HtmlFileTemplatePartialTemplate.cs</ProjectRelativeFilePath>
      <IsIgnored>false</IsIgnored>
    </FileLog>
    <FileLog>
      <ProjectId>2f869ddb-1b65-4cf0-9818-94e872494c0d</ProjectId>
      <CorrelationId>Intent.ModuleBuilder.CSharp.Templates.CSharpT4Template#64dd72e2-7896-4275-8b89-93d09749224e</CorrelationId>
      <OverwriteBehaviour>always</OverwriteBehaviour>
      <ApplicationRelativeFilePath>Templates/HtmlFileTemplatePartial/HtmlFileTemplatePartialTemplate.tt</ApplicationRelativeFilePath>
      <ProjectRelativeFilePath>Templates/HtmlFileTemplatePartial/HtmlFileTemplatePartialTemplate.tt</ProjectRelativeFilePath>
      <IsIgnored>false</IsIgnored>
    </FileLog>
    <FileLog>
      <ProjectId>2f869ddb-1b65-4cf0-9818-94e872494c0d</ProjectId>
      <CorrelationId>Intent.ModuleBuilder.CSharp.Templates.CSharpTemplatePartial#64dd72e2-7896-4275-8b89-93d09749224e</CorrelationId>
      <OverwriteBehaviour>always</OverwriteBehaviour>
      <ApplicationRelativeFilePath>Templates/HtmlFileTemplatePartial/HtmlFileTemplatePartialTemplatePartial.cs</ApplicationRelativeFilePath>
      <ProjectRelativeFilePath>Templates/HtmlFileTemplatePartial/HtmlFileTemplatePartialTemplatePartial.cs</ProjectRelativeFilePath>
      <IsIgnored>false</IsIgnored>
    </FileLog>
    <FileLog>
      <ProjectId>2f869ddb-1b65-4cf0-9818-94e872494c0d</ProjectId>
      <CorrelationId>Intent.ModuleBuilder.TemplateRegistration.FilePerModel#64dd72e2-7896-4275-8b89-93d09749224e</CorrelationId>
      <OverwriteBehaviour>always</OverwriteBehaviour>
      <ApplicationRelativeFilePath>Templates/HtmlFileTemplatePartial/HtmlFileTemplatePartialTemplateRegistration.cs</ApplicationRelativeFilePath>
      <ProjectRelativeFilePath>Templates/HtmlFileTemplatePartial/HtmlFileTemplatePartialTemplateRegistration.cs</ProjectRelativeFilePath>
      <IsIgnored>false</IsIgnored>
    </FileLog>
    <FileLog>
      <ProjectId>690f5063-3511-48b5-b753-7fc65be7f4f6</ProjectId>
      <CorrelationId>Intent.ModuleBuilder.Templates.TemplateExtensions#976b1f78-0c6f-481a-ad80-3d6f676062b2</CorrelationId>
      <OverwriteBehaviour>always</OverwriteBehaviour>
      <ApplicationRelativeFilePath>Templates/TemplateExtensions.cs</ApplicationRelativeFilePath>
      <ProjectRelativeFilePath>TemplateExtensions.cs</ProjectRelativeFilePath>
      <IsIgnored>false</IsIgnored>
    </FileLog>
  </FileLogs>
</outputLog>