<?xml version="1.0" encoding="utf-8"?>
<outputLog>
  <ApplicationId>7f521a90-df6d-409e-b3a4-ff4dc8ef9c45</ApplicationId>
  <FileLogs>
    <FileLog>
      <ProjectId>42317c90-af5c-4041-aa8d-fe6e855564d0</ProjectId>
      <CorrelationId>Intent.Modules.Common.CSharp.Templates.StaticContentTemplateRegistrations.AIInstructionsStaticContentTemplateRegistration#csharp-guidelines.md</CorrelationId>
      <OverwriteBehaviour>always</OverwriteBehaviour>
      <ApplicationRelativeFilePath>../.agents/instructions/csharp-guidelines.md</ApplicationRelativeFilePath>
      <ProjectRelativeFilePath>csharp-guidelines.md</ProjectRelativeFilePath>
      <IsIgnored>false</IsIgnored>
    </FileLog>
    <FileLog>
      <CorrelationId>Intent.VisualStudio.Projects.VisualStudioSolution#5ad37aad-25a1-4739-b67c-72e1e842b8b5</CorrelationId>
      <OverwriteBehaviour>always</OverwriteBehaviour>
      <ApplicationRelativeFilePath>../Intent.Modules.sln</ApplicationRelativeFilePath>
      <IsIgnored>false</IsIgnored>
    </FileLog>
    <FileLog>
      <ProjectId>c4d5666b-0c6c-494e-9614-239cc7f4aba9</ProjectId>
      <CorrelationId>Intent.ModuleBuilder.Templates.FactoryExtension#e2167dd4-7302-418d-be65-bec84384cf3e</CorrelationId>
      <OverwriteBehaviour>always</OverwriteBehaviour>
      <ApplicationRelativeFilePath>FactoryExtensions/AutoCompileFactoryExtension.cs</ApplicationRelativeFilePath>
      <ProjectRelativeFilePath>AutoCompileFactoryExtension.cs</ProjectRelativeFilePath>
      <IsIgnored>false</IsIgnored>
    </FileLog>
    <FileLog>
      <ProjectId>6aa2ca6b-8bc5-496f-97b6-c23013fb1d0e</ProjectId>
      <CorrelationId>Intent.ModuleBuilder.IModSpecFile#81855e2d-b98d-4e19-a94b-ec862da49c1f</CorrelationId>
      <OverwriteBehaviour>always</OverwriteBehaviour>
      <ApplicationRelativeFilePath>Intent.ModuleBuilder.AutoCompile.imodspec</ApplicationRelativeFilePath>
      <ProjectRelativeFilePath>Intent.ModuleBuilder.AutoCompile.imodspec</ProjectRelativeFilePath>
      <IsIgnored>false</IsIgnored>
    </FileLog>
    <FileLog>
      <ProjectId>6aa2ca6b-8bc5-496f-97b6-c23013fb1d0e</ProjectId>
      <CorrelationId>Intent.VisualStudio.Projects.CSharpProject#6aa2ca6b-8bc5-496f-97b6-c23013fb1d0e</CorrelationId>
      <OverwriteBehaviour>always</OverwriteBehaviour>
      <ApplicationRelativeFilePath>Intent.Modules.ModuleBuilder.AutoCompile.csproj</ApplicationRelativeFilePath>
      <ProjectRelativeFilePath>Intent.Modules.ModuleBuilder.AutoCompile.csproj</ProjectRelativeFilePath>
      <IsIgnored>false</IsIgnored>
    </FileLog>
  </FileLogs>
</outputLog>